// Jest Snapshot v1, https://goo.gl/fbAQLP

exports[`PostTemplate renders correctly 1`] = `
<div
  className="layout"
>
  <div
    className="post"
  >
    <a
      className="post__home-button"
      href="/"
    >
      All Articles
    </a>
    <div
      className="post__content"
    >
      <div
        className="content"
      >
        <h1
          className="content__title"
        >
          test
        </h1>
        <div
          className="content__body"
          dangerouslySetInnerHTML={
            Object {
              "__html": "<p>test</p>",
            }
          }
        />
      </div>
    </div>
    <div
      className="post__footer"
    >

      <div
            className="dark-mode-toggle"
          >
            <div
              className="react-toggle"
              onClick={[Function]}
              onTouchEnd={[Function]}
              onTouchMove={[Function]}
              onTouchStart={[Function]}
            >
              <div
                className="react-toggle-track"
              >
                <div
                  className="react-toggle-track-check"
                >
                  <img
                    alt="dark mode"
                    src="/media/moon.svg"
                  />
                </div>
                <div
                  className="react-toggle-track-x"
                >
                  <img
                    alt="light mode"
                    src="/media/sun.svg"
                  />
                </div>
              </div>
              <div
                className="react-toggle-thumb"
              />
              <input
                checked={false}
                className="react-toggle-screenreader-only"
                onBlur={[Function]}
                onChange={[Function]}
                onFocus={[Function]}
                type="checkbox"
              />
            </div>
          </div>

          
      <div
        className="meta"
      >
        <p
          className="meta__date"
        >
          Published 
          1 Sep 2016
        </p>
      </div>
      <div
        className="tags"
      >
        <ul
          className="tags__list"
        >
          <li
            className="tags__list-item"
          >
            <a
              className="tags__list-item-link"
              href="/test_0"
            >
              test_0
            </a>
          </li>
          <li
            className="tags__list-item"
          >
            <a
              className="tags__list-item-link"
              href="/test_1"
            >
              test_1
            </a>
          </li>
        </ul>
      </div>
      <div
        className="author"
      >
        <p
          className="author__bio"
        >
          Test bio
          <a
            className="author__bio-twitter"
            href="https://www.twitter.com/#"
            rel="noopener noreferrer"
            target="_blank"
          >
            <strong>
              Test name
            </strong>
             on Twitter
          </a>
        </p>
      </div>
    </div>
    <div
      className="post__comments"
    />
  </div>
</div>
`;
