// Jest Snapshot v1, https://goo.gl/fbAQLP

exports[`Author renders correctly 1`] = `
<div
  className="author"
>
  <a
    href="/"
  >
    <img
      alt="test"
      className="author__photo"
      height="75"
      src="/photo.jpg"
      width="75"
    />
  </a>
  <div
    className="author__title"
  >
  <h1>
        <Link
          className="author__title-link"
          to="/"
        >
          test
        </Link>
      </h1>
      <div
        className="react-toggle"
        onClick={[Function]}
        onTouchEnd={[Function]}
        onTouchMove={[Function]}
        onTouchStart={[Function]}

  >  
  
  <div
          className="react-toggle-track"
        >
          <div
            className="react-toggle-track-check"
          >
            <img
              alt="dark mode"
              src="/media/moon.svg"
            />
          </div>
          <div
            className="react-toggle-track-x"
          >
            <img
              alt="light mode"
              src="/media/sun.svg"
            />
          </div>
        </div>
        <div
          className="react-toggle-thumb"
        />
        <input
          checked={false}
          className="react-toggle-screenreader-only"
          onBlur={[Function]}
          onChange={[Function]}
          onFocus={[Function]}
          type="checkbox"
        />
      </div>
    </div>

    <a
      className="author__title-link"
      href="/"
    >
      test
    </a>
  </h2>
  <p
    className="author__subtitle"
  >
    test
  </p>
</div>
`;
